// Jest Snapshot v1, https://goo.gl/fbAQLP

exports[`Home page should match the snapshot 1`] = `
<div>
  <div
    class="font-sans h-screen flex flex-col items-center justify-center"
  >
    <img
      alt="Next.js Logo"
      class="mb-4"
      data-nimg="1"
      decoding="async"
      height="150"
      loading="lazy"
      src="/_next/image?url=%2Fnextjs-logo.webp&w=384&q=75"
      srcset="/_next/image?url=%2Fnextjs-logo.webp&w=256&q=75 1x, /_next/image?url=%2Fnextjs-logo.webp&w=384&q=75 2x"
      style="color: transparent;"
      width="150"
    />
    <h1
      class="text-6xl font-bold text-center"
    >
      Hello World!
    </h1>
    <p
      class="font-mono text-lg text-center mt-4"
    >
      Welcome to your new Next.js app.
    </p>
  </div>
</div>
`;
