// Jest Snapshot v1, https://goo.gl/fbAQLP

exports[`HelloClient should match the snapshot 1`] = `
<div>
  <div
    class="container"
  >
    <h1>
      Hello from Client!
    </h1>
  </div>
</div>
`;
