// Jest Snapshot v1, https://goo.gl/fbAQLP

exports[`HelloServer should match the snapshot 1`] = `
<div>
  <div>
    <h1>
      Hello from Server!
    </h1>
  </div>
</div>
`;
